127.0.0.1 - - [25/Oct/2024:17:52:22 +0900] "GET /static/js/bundle.js HTTP/1.1" 304 0 "http://localhost/" "Mozilla/5.0 (Windows NT 10.0; Win64; x64) AppleWebKit/537.36 (KHTML, like Gecko) Chrome/130.0.0.0 Safari/537.36"
127.0.0.1 - - [25/Oct/2024:17:52:22 +0900] "GET /static/js/bundle.js.map HTTP/1.1" 304 0 "-" "Mozilla/5.0 (Windows NT 10.0; Win64; x64) AppleWebKit/537.36 (KHTML, like Gecko) Chrome/130.0.0.0 Safari/537.36"
192.168.219.126 - - [25/Oct/2024:17:52:38 +0900] "GET / HTTP/1.1" 304 0 "-" "Mozilla/5.0 (Macintosh; Intel Mac OS X 10_15_7) AppleWebKit/537.36 (KHTML, like Gecko) Chrome/129.0.0.0 Safari/537.36"
192.168.219.126 - - [25/Oct/2024:17:52:38 +0900] "GET /static/js/bundle.js HTTP/1.1" 304 0 "http://192.168.219.161/" "Mozilla/5.0 (Macintosh; Intel Mac OS X 10_15_7) AppleWebKit/537.36 (KHTML, like Gecko) Chrome/129.0.0.0 Safari/537.36"
192.168.219.126 - - [25/Oct/2024:17:52:38 +0900] "GET /favicon.ico HTTP/1.1" 304 0 "http://192.168.219.161/" "Mozilla/5.0 (Macintosh; Intel Mac OS X 10_15_7) AppleWebKit/537.36 (KHTML, like Gecko) Chrome/129.0.0.0 Safari/537.36"
192.168.219.126 - - [25/Oct/2024:17:52:38 +0900] "GET /static/js/bundle.js.map HTTP/1.1" 304 0 "-" "Mozilla/5.0 (Macintosh; Intel Mac OS X 10_15_7) AppleWebKit/537.36 (KHTML, like Gecko) Chrome/129.0.0.0 Safari/537.36"
192.168.219.126 - - [25/Oct/2024:17:53:23 +0900] "GET / HTTP/1.1" 304 0 "-" "Mozilla/5.0 (Macintosh; Intel Mac OS X 10_15_7) AppleWebKit/537.36 (KHTML, like Gecko) Chrome/129.0.0.0 Safari/537.36"
192.168.219.126 - - [25/Oct/2024:17:53:23 +0900] "GET /static/js/bundle.js HTTP/1.1" 304 0 "http://192.168.219.161/" "Mozilla/5.0 (Macintosh; Intel Mac OS X 10_15_7) AppleWebKit/537.36 (KHTML, like Gecko) Chrome/129.0.0.0 Safari/537.36"
192.168.219.126 - - [25/Oct/2024:17:53:24 +0900] "GET /favicon.ico HTTP/1.1" 304 0 "http://192.168.219.161/" "Mozilla/5.0 (Macintosh; Intel Mac OS X 10_15_7) AppleWebKit/537.36 (KHTML, like Gecko) Chrome/129.0.0.0 Safari/537.36"
192.168.219.126 - - [25/Oct/2024:17:53:24 +0900] "GET /static/js/bundle.js.map HTTP/1.1" 304 0 "-" "Mozilla/5.0 (Macintosh; Intel Mac OS X 10_15_7) AppleWebKit/537.36 (KHTML, like Gecko) Chrome/129.0.0.0 Safari/537.36"
192.168.219.126 - - [25/Oct/2024:17:53:40 +0900] "GET / HTTP/1.1" 304 0 "-" "Mozilla/5.0 (Macintosh; Intel Mac OS X 10_15_7) AppleWebKit/537.36 (KHTML, like Gecko) Chrome/129.0.0.0 Safari/537.36"
192.168.219.126 - - [25/Oct/2024:17:53:40 +0900] "GET /static/js/bundle.js HTTP/1.1" 304 0 "http://192.168.219.161/" "Mozilla/5.0 (Macintosh; Intel Mac OS X 10_15_7) AppleWebKit/537.36 (KHTML, like Gecko) Chrome/129.0.0.0 Safari/537.36"
192.168.219.126 - - [25/Oct/2024:17:53:56 +0900] "GET / HTTP/1.1" 200 954 "-" "Mozilla/5.0 (Macintosh; Intel Mac OS X 10_15_7) AppleWebKit/605.1.15 (KHTML, like Gecko) Version/15.6.1 Safari/605.1.15"
192.168.219.126 - - [25/Oct/2024:17:53:56 +0900] "GET /static/js/bundle.js HTTP/1.1" 200 394391 "http://192.168.219.161/" "Mozilla/5.0 (Macintosh; Intel Mac OS X 10_15_7) AppleWebKit/605.1.15 (KHTML, like Gecko) Version/15.6.1 Safari/605.1.15"
192.168.219.126 - - [25/Oct/2024:17:53:56 +0900] "GET /favicon.ico HTTP/1.1" 200 3662 "http://192.168.219.161/" "Mozilla/5.0 (Macintosh; Intel Mac OS X 10_15_7) AppleWebKit/605.1.15 (KHTML, like Gecko) Version/15.6.1 Safari/605.1.15"
192.168.219.126 - - [25/Oct/2024:17:54:54 +0900] "GET / HTTP/1.1" 502 497 "-" "Mozilla/5.0 (Macintosh; Intel Mac OS X 10_15_7) AppleWebKit/537.36 (KHTML, like Gecko) Chrome/129.0.0.0 Safari/537.36"
192.168.219.126 - - [25/Oct/2024:17:57:23 +0900] "GET / HTTP/1.1" 499 0 "-" "Mozilla/5.0 (Macintosh; Intel Mac OS X 10_15_7) AppleWebKit/537.36 (KHTML, like Gecko) Chrome/129.0.0.0 Safari/537.36"
192.168.219.126 - - [25/Oct/2024:17:58:38 +0900] "GET / HTTP/1.1" 499 0 "-" "Mozilla/5.0 (Macintosh; Intel Mac OS X 10_15_7) AppleWebKit/537.36 (KHTML, like Gecko) Chrome/129.0.0.0 Safari/537.36"
192.168.219.126 - - [25/Oct/2024:17:58:51 +0900] "GET / HTTP/1.1" 499 0 "-" "Mozilla/5.0 (Macintosh; Intel Mac OS X 10_15_7) AppleWebKit/537.36 (KHTML, like Gecko) Chrome/129.0.0.0 Safari/537.36"
192.168.219.126 - - [25/Oct/2024:17:58:57 +0900] "GET / HTTP/1.1" 304 0 "-" "Mozilla/5.0 (Macintosh; Intel Mac OS X 10_15_7) AppleWebKit/537.36 (KHTML, like Gecko) Chrome/129.0.0.0 Safari/537.36"
192.168.219.126 - - [25/Oct/2024:17:58:57 +0900] "GET /static/js/bundle.js HTTP/1.1" 304 0 "http://192.168.219.161/" "Mozilla/5.0 (Macintosh; Intel Mac OS X 10_15_7) AppleWebKit/537.36 (KHTML, like Gecko) Chrome/129.0.0.0 Safari/537.36"
192.168.219.126 - - [25/Oct/2024:17:58:57 +0900] "GET /static/js/bundle.js.map HTTP/1.1" 304 0 "-" "Mozilla/5.0 (Macintosh; Intel Mac OS X 10_15_7) AppleWebKit/537.36 (KHTML, like Gecko) Chrome/129.0.0.0 Safari/537.36"
192.168.219.126 - - [25/Oct/2024:17:59:07 +0900] "GET / HTTP/1.1" 304 0 "-" "Mozilla/5.0 (Macintosh; Intel Mac OS X 10_15_7) AppleWebKit/537.36 (KHTML, like Gecko) Chrome/129.0.0.0 Safari/537.36"
192.168.219.126 - - [25/Oct/2024:17:59:07 +0900] "GET /static/js/bundle.js HTTP/1.1" 304 0 "http://192.168.219.161/" "Mozilla/5.0 (Macintosh; Intel Mac OS X 10_15_7) AppleWebKit/537.36 (KHTML, like Gecko) Chrome/129.0.0.0 Safari/537.36"
192.168.219.126 - - [25/Oct/2024:17:59:07 +0900] "GET /static/js/bundle.js.map HTTP/1.1" 304 0 "-" "Mozilla/5.0 (Macintosh; Intel Mac OS X 10_15_7) AppleWebKit/537.36 (KHTML, like Gecko) Chrome/129.0.0.0 Safari/537.36"
192.168.219.126 - - [25/Oct/2024:17:59:07 +0900] "GET /favicon.ico HTTP/1.1" 304 0 "http://192.168.219.161/" "Mozilla/5.0 (Macintosh; Intel Mac OS X 10_15_7) AppleWebKit/537.36 (KHTML, like Gecko) Chrome/129.0.0.0 Safari/537.36"
192.168.219.161 - - [25/Oct/2024:18:09:13 +0900] "GET / HTTP/1.1" 200 954 "-" "Mozilla/5.0 (Windows NT 10.0; Win64; x64) AppleWebKit/537.36 (KHTML, like Gecko) Chrome/130.0.0.0 Safari/537.36"
192.168.219.161 - - [25/Oct/2024:18:09:13 +0900] "GET /static/js/bundle.js HTTP/1.1" 200 394391 "http://192.168.219.161/" "Mozilla/5.0 (Windows NT 10.0; Win64; x64) AppleWebKit/537.36 (KHTML, like Gecko) Chrome/130.0.0.0 Safari/537.36"
192.168.219.161 - - [25/Oct/2024:18:09:17 +0900] "GET /static/js/bundle.js.map HTTP/1.1" 200 397140 "-" "Mozilla/5.0 (Windows NT 10.0; Win64; x64) AppleWebKit/537.36 (KHTML, like Gecko) Chrome/130.0.0.0 Safari/537.36"
192.168.219.126 - - [25/Oct/2024:18:09:31 +0900] "GET / HTTP/1.1" 304 0 "-" "Mozilla/5.0 (Macintosh; Intel Mac OS X 10_15_7) AppleWebKit/537.36 (KHTML, like Gecko) Chrome/129.0.0.0 Safari/537.36"
192.168.219.126 - - [25/Oct/2024:18:09:31 +0900] "GET /static/js/bundle.js HTTP/1.1" 304 0 "http://192.168.219.161/" "Mozilla/5.0 (Macintosh; Intel Mac OS X 10_15_7) AppleWebKit/537.36 (KHTML, like Gecko) Chrome/129.0.0.0 Safari/537.36"
192.168.219.126 - - [25/Oct/2024:18:09:31 +0900] "GET /favicon.ico HTTP/1.1" 304 0 "http://192.168.219.161/" "Mozilla/5.0 (Macintosh; Intel Mac OS X 10_15_7) AppleWebKit/537.36 (KHTML, like Gecko) Chrome/129.0.0.0 Safari/537.36"
192.168.219.126 - - [25/Oct/2024:18:09:31 +0900] "GET /static/js/bundle.js.map HTTP/1.1" 304 0 "-" "Mozilla/5.0 (Macintosh; Intel Mac OS X 10_15_7) AppleWebKit/537.36 (KHTML, like Gecko) Chrome/129.0.0.0 Safari/537.36"
192.168.219.126 - - [25/Oct/2024:18:09:50 +0900] "GET / HTTP/1.1" 499 0 "-" "Mozilla/5.0 (Macintosh; Intel Mac OS X 10_15_7) AppleWebKit/537.36 (KHTML, like Gecko) Chrome/129.0.0.0 Safari/537.36"
192.168.219.126 - - [25/Oct/2024:18:10:15 +0900] "GET / HTTP/1.1" 502 497 "-" "Mozilla/5.0 (Macintosh; Intel Mac OS X 10_15_7) AppleWebKit/537.36 (KHTML, like Gecko) Chrome/129.0.0.0 Safari/537.36"
192.168.219.126 - - [25/Oct/2024:18:10:36 +0900] "GET /favicon.ico HTTP/1.1" 502 497 "https://192.168.219.161/" "Mozilla/5.0 (Macintosh; Intel Mac OS X 10_15_7) AppleWebKit/537.36 (KHTML, like Gecko) Chrome/129.0.0.0 Safari/537.36"
192.168.219.161 - - [25/Oct/2024:18:14:12 +0900] "GET / HTTP/1.1" 304 0 "-" "Mozilla/5.0 (Windows NT 10.0; Win64; x64) AppleWebKit/537.36 (KHTML, like Gecko) Chrome/130.0.0.0 Safari/537.36"
192.168.219.161 - - [25/Oct/2024:18:14:12 +0900] "GET /static/js/bundle.js HTTP/1.1" 304 0 "http://192.168.219.161/" "Mozilla/5.0 (Windows NT 10.0; Win64; x64) AppleWebKit/537.36 (KHTML, like Gecko) Chrome/130.0.0.0 Safari/537.36"
192.168.219.126 - - [25/Oct/2024:18:14:52 +0900] "GET / HTTP/1.1" 499 0 "-" "Mozilla/5.0 (Macintosh; Intel Mac OS X 10_15_7) AppleWebKit/537.36 (KHTML, like Gecko) Chrome/129.0.0.0 Safari/537.36"
127.0.0.1 - - [25/Oct/2024:18:26:26 +0900] "GET / HTTP/1.1" 304 0 "-" "Mozilla/5.0 (Windows NT 10.0; Win64; x64) AppleWebKit/537.36 (KHTML, like Gecko) Chrome/130.0.0.0 Safari/537.36"
127.0.0.1 - - [25/Oct/2024:18:26:26 +0900] "GET /static/js/bundle.js HTTP/1.1" 304 0 "http://localhost/" "Mozilla/5.0 (Windows NT 10.0; Win64; x64) AppleWebKit/537.36 (KHTML, like Gecko) Chrome/130.0.0.0 Safari/537.36"
127.0.0.1 - - [25/Oct/2024:18:26:28 +0900] "GET /static/js/bundle.js.map HTTP/1.1" 304 0 "-" "Mozilla/5.0 (Windows NT 10.0; Win64; x64) AppleWebKit/537.36 (KHTML, like Gecko) Chrome/130.0.0.0 Safari/537.36"
192.168.219.126 - - [25/Oct/2024:18:26:45 +0900] "GET / HTTP/1.1" 499 0 "-" "Mozilla/5.0 (Macintosh; Intel Mac OS X 10_15_7) AppleWebKit/537.36 (KHTML, like Gecko) Chrome/129.0.0.0 Safari/537.36"
192.168.219.126 - - [25/Oct/2024:18:27:54 +0900] "GET / HTTP/1.1" 304 0 "-" "Mozilla/5.0 (Macintosh; Intel Mac OS X 10_15_7) AppleWebKit/537.36 (KHTML, like Gecko) Chrome/129.0.0.0 Safari/537.36"
192.168.219.126 - - [25/Oct/2024:18:27:54 +0900] "GET /static/js/bundle.js HTTP/1.1" 304 0 "http://192.168.219.161/" "Mozilla/5.0 (Macintosh; Intel Mac OS X 10_15_7) AppleWebKit/537.36 (KHTML, like Gecko) Chrome/129.0.0.0 Safari/537.36"
192.168.219.126 - - [25/Oct/2024:18:28:06 +0900] "GET /static/js/bundle.js.map HTTP/1.1" 304 0 "-" "Mozilla/5.0 (Macintosh; Intel Mac OS X 10_15_7) AppleWebKit/537.36 (KHTML, like Gecko) Chrome/129.0.0.0 Safari/537.36"
192.168.219.126 - - [25/Oct/2024:18:31:05 +0900] "GET / HTTP/1.1" 304 0 "-" "Mozilla/5.0 (Macintosh; Intel Mac OS X 10_15_7) AppleWebKit/537.36 (KHTML, like Gecko) Chrome/129.0.0.0 Safari/537.36"
192.168.219.126 - - [25/Oct/2024:18:31:05 +0900] "GET /static/js/bundle.js HTTP/1.1" 304 0 "http://192.168.219.161/" "Mozilla/5.0 (Macintosh; Intel Mac OS X 10_15_7) AppleWebKit/537.36 (KHTML, like Gecko) Chrome/129.0.0.0 Safari/537.36"
192.168.219.126 - - [25/Oct/2024:18:31:05 +0900] "GET /static/js/bundle.js.map HTTP/1.1" 304 0 "-" "Mozilla/5.0 (Macintosh; Intel Mac OS X 10_15_7) AppleWebKit/537.36 (KHTML, like Gecko) Chrome/129.0.0.0 Safari/537.36"
192.168.219.126 - - [25/Oct/2024:18:31:05 +0900] "GET /favicon.ico HTTP/1.1" 304 0 "http://192.168.219.161/" "Mozilla/5.0 (Macintosh; Intel Mac OS X 10_15_7) AppleWebKit/537.36 (KHTML, like Gecko) Chrome/129.0.0.0 Safari/537.36"
192.168.219.161 - - [25/Oct/2024:18:36:08 +0900] "GET /main.db3ad2b86e6e1109535f.hot-update.json HTTP/1.1" 200 28 "http://192.168.219.161/" "Mozilla/5.0 (Windows NT 10.0; Win64; x64) AppleWebKit/537.36 (KHTML, like Gecko) Chrome/130.0.0.0 Safari/537.36"
192.168.219.161 - - [25/Oct/2024:18:36:08 +0900] "GET /main.db3ad2b86e6e1109535f.hot-update.js HTTP/1.1" 200 2864 "http://192.168.219.161/" "Mozilla/5.0 (Windows NT 10.0; Win64; x64) AppleWebKit/537.36 (KHTML, like Gecko) Chrome/130.0.0.0 Safari/537.36"
127.0.0.1 - - [25/Oct/2024:18:36:09 +0900] "GET /main.db3ad2b86e6e1109535f.hot-update.json HTTP/1.1" 200 28 "http://localhost/" "Mozilla/5.0 (Windows NT 10.0; Win64; x64) AppleWebKit/537.36 (KHTML, like Gecko) Chrome/130.0.0.0 Safari/537.36"
127.0.0.1 - - [25/Oct/2024:18:36:09 +0900] "GET /main.db3ad2b86e6e1109535f.hot-update.js HTTP/1.1" 200 2864 "http://localhost/" "Mozilla/5.0 (Windows NT 10.0; Win64; x64) AppleWebKit/537.36 (KHTML, like Gecko) Chrome/130.0.0.0 Safari/537.36"
127.0.0.1 - - [25/Oct/2024:18:36:09 +0900] "GET /main.db3ad2b86e6e1109535f.hot-update.js.map HTTP/1.1" 200 1961 "-" "Mozilla/5.0 (Windows NT 10.0; Win64; x64) AppleWebKit/537.36 (KHTML, like Gecko) Chrome/130.0.0.0 Safari/537.36"
192.168.219.126 - - [25/Oct/2024:18:36:09 +0900] "GET /main.db3ad2b86e6e1109535f.hot-update.json HTTP/1.1" 200 28 "http://192.168.219.161/" "Mozilla/5.0 (Macintosh; Intel Mac OS X 10_15_7) AppleWebKit/537.36 (KHTML, like Gecko) Chrome/129.0.0.0 Safari/537.36"
192.168.219.126 - - [25/Oct/2024:18:36:10 +0900] "GET /main.db3ad2b86e6e1109535f.hot-update.js HTTP/1.1" 200 2864 "http://192.168.219.161/" "Mozilla/5.0 (Macintosh; Intel Mac OS X 10_15_7) AppleWebKit/537.36 (KHTML, like Gecko) Chrome/129.0.0.0 Safari/537.36"
192.168.219.126 - - [25/Oct/2024:18:36:10 +0900] "GET /main.db3ad2b86e6e1109535f.hot-update.js.map HTTP/1.1" 200 1961 "-" "Mozilla/5.0 (Macintosh; Intel Mac OS X 10_15_7) AppleWebKit/537.36 (KHTML, like Gecko) Chrome/129.0.0.0 Safari/537.36"
192.168.219.126 - - [25/Oct/2024:18:36:16 +0900] "GET / HTTP/1.1" 304 0 "-" "Mozilla/5.0 (Macintosh; Intel Mac OS X 10_15_7) AppleWebKit/537.36 (KHTML, like Gecko) Chrome/129.0.0.0 Safari/537.36"
192.168.219.126 - - [25/Oct/2024:18:36:16 +0900] "GET /static/js/bundle.js HTTP/1.1" 200 394384 "http://192.168.219.161/" "Mozilla/5.0 (Macintosh; Intel Mac OS X 10_15_7) AppleWebKit/537.36 (KHTML, like Gecko) Chrome/129.0.0.0 Safari/537.36"
192.168.219.126 - - [25/Oct/2024:18:36:16 +0900] "GET /favicon.ico HTTP/1.1" 304 0 "http://192.168.219.161/" "Mozilla/5.0 (Macintosh; Intel Mac OS X 10_15_7) AppleWebKit/537.36 (KHTML, like Gecko) Chrome/129.0.0.0 Safari/537.36"
192.168.219.126 - - [25/Oct/2024:18:36:16 +0900] "GET /static/js/bundle.js.map HTTP/1.1" 200 397135 "-" "Mozilla/5.0 (Macintosh; Intel Mac OS X 10_15_7) AppleWebKit/537.36 (KHTML, like Gecko) Chrome/129.0.0.0 Safari/537.36"
192.168.219.161 - - [25/Oct/2024:18:36:26 +0900] "GET /main.9c8840a6f8a036341880.hot-update.json HTTP/1.1" 200 28 "http://192.168.219.161/" "Mozilla/5.0 (Windows NT 10.0; Win64; x64) AppleWebKit/537.36 (KHTML, like Gecko) Chrome/130.0.0.0 Safari/537.36"
127.0.0.1 - - [25/Oct/2024:18:36:26 +0900] "GET /main.9c8840a6f8a036341880.hot-update.json HTTP/1.1" 200 28 "http://localhost/" "Mozilla/5.0 (Windows NT 10.0; Win64; x64) AppleWebKit/537.36 (KHTML, like Gecko) Chrome/130.0.0.0 Safari/537.36"
192.168.219.126 - - [25/Oct/2024:18:36:26 +0900] "GET /main.9c8840a6f8a036341880.hot-update.json HTTP/1.1" 200 28 "http://192.168.219.161/" "Mozilla/5.0 (Macintosh; Intel Mac OS X 10_15_7) AppleWebKit/537.36 (KHTML, like Gecko) Chrome/129.0.0.0 Safari/537.36"
192.168.219.161 - - [25/Oct/2024:18:36:26 +0900] "GET /main.9c8840a6f8a036341880.hot-update.js HTTP/1.1" 200 2873 "http://192.168.219.161/" "Mozilla/5.0 (Windows NT 10.0; Win64; x64) AppleWebKit/537.36 (KHTML, like Gecko) Chrome/130.0.0.0 Safari/537.36"
127.0.0.1 - - [25/Oct/2024:18:36:26 +0900] "GET /main.9c8840a6f8a036341880.hot-update.js HTTP/1.1" 200 2873 "http://localhost/" "Mozilla/5.0 (Windows NT 10.0; Win64; x64) AppleWebKit/537.36 (KHTML, like Gecko) Chrome/130.0.0.0 Safari/537.36"
127.0.0.1 - - [25/Oct/2024:18:36:26 +0900] "GET /main.9c8840a6f8a036341880.hot-update.js.map HTTP/1.1" 200 1971 "-" "Mozilla/5.0 (Windows NT 10.0; Win64; x64) AppleWebKit/537.36 (KHTML, like Gecko) Chrome/130.0.0.0 Safari/537.36"
192.168.219.126 - - [25/Oct/2024:18:36:26 +0900] "GET /main.9c8840a6f8a036341880.hot-update.js HTTP/1.1" 200 2873 "http://192.168.219.161/" "Mozilla/5.0 (Macintosh; Intel Mac OS X 10_15_7) AppleWebKit/537.36 (KHTML, like Gecko) Chrome/129.0.0.0 Safari/537.36"
192.168.219.126 - - [25/Oct/2024:18:36:26 +0900] "GET /main.9c8840a6f8a036341880.hot-update.js.map HTTP/1.1" 200 1971 "-" "Mozilla/5.0 (Macintosh; Intel Mac OS X 10_15_7) AppleWebKit/537.36 (KHTML, like Gecko) Chrome/129.0.0.0 Safari/537.36"
192.168.219.126 - - [25/Oct/2024:18:36:28 +0900] "GET / HTTP/1.1" 304 0 "-" "Mozilla/5.0 (Macintosh; Intel Mac OS X 10_15_7) AppleWebKit/537.36 (KHTML, like Gecko) Chrome/129.0.0.0 Safari/537.36"
192.168.219.126 - - [25/Oct/2024:18:36:28 +0900] "GET /static/js/bundle.js HTTP/1.1" 200 394390 "http://192.168.219.161/" "Mozilla/5.0 (Macintosh; Intel Mac OS X 10_15_7) AppleWebKit/537.36 (KHTML, like Gecko) Chrome/129.0.0.0 Safari/537.36"
192.168.219.126 - - [25/Oct/2024:18:36:28 +0900] "GET /static/js/bundle.js.map HTTP/1.1" 200 397139 "-" "Mozilla/5.0 (Macintosh; Intel Mac OS X 10_15_7) AppleWebKit/537.36 (KHTML, like Gecko) Chrome/129.0.0.0 Safari/537.36"
192.168.219.126 - - [25/Oct/2024:18:36:28 +0900] "GET /favicon.ico HTTP/1.1" 304 0 "http://192.168.219.161/" "Mozilla/5.0 (Macintosh; Intel Mac OS X 10_15_7) AppleWebKit/537.36 (KHTML, like Gecko) Chrome/129.0.0.0 Safari/537.36"
192.168.219.161 - - [25/Oct/2024:18:39:24 +0900] "GET /main.fa7cf30a911fbcd2f8b0.hot-update.json HTTP/1.1" 200 28 "http://192.168.219.161/" "Mozilla/5.0 (Windows NT 10.0; Win64; x64) AppleWebKit/537.36 (KHTML, like Gecko) Chrome/130.0.0.0 Safari/537.36"
192.168.219.161 - - [25/Oct/2024:18:39:24 +0900] "GET /main.fa7cf30a911fbcd2f8b0.hot-update.js HTTP/1.1" 200 3823 "http://192.168.219.161/" "Mozilla/5.0 (Windows NT 10.0; Win64; x64) AppleWebKit/537.36 (KHTML, like Gecko) Chrome/130.0.0.0 Safari/537.36"
192.168.219.126 - - [25/Oct/2024:18:39:24 +0900] "GET /main.fa7cf30a911fbcd2f8b0.hot-update.json HTTP/1.1" 200 28 "http://192.168.219.161/" "Mozilla/5.0 (Macintosh; Intel Mac OS X 10_15_7) AppleWebKit/537.36 (KHTML, like Gecko) Chrome/129.0.0.0 Safari/537.36"
192.168.219.126 - - [25/Oct/2024:18:39:24 +0900] "GET /main.fa7cf30a911fbcd2f8b0.hot-update.js HTTP/1.1" 200 3823 "http://192.168.219.161/" "Mozilla/5.0 (Macintosh; Intel Mac OS X 10_15_7) AppleWebKit/537.36 (KHTML, like Gecko) Chrome/129.0.0.0 Safari/537.36"
192.168.219.126 - - [25/Oct/2024:18:39:24 +0900] "GET /main.fa7cf30a911fbcd2f8b0.hot-update.js.map HTTP/1.1" 200 2915 "-" "Mozilla/5.0 (Macintosh; Intel Mac OS X 10_15_7) AppleWebKit/537.36 (KHTML, like Gecko) Chrome/129.0.0.0 Safari/537.36"
127.0.0.1 - - [25/Oct/2024:18:39:24 +0900] "GET /main.fa7cf30a911fbcd2f8b0.hot-update.json HTTP/1.1" 200 28 "http://localhost/" "Mozilla/5.0 (Windows NT 10.0; Win64; x64) AppleWebKit/537.36 (KHTML, like Gecko) Chrome/130.0.0.0 Safari/537.36"
127.0.0.1 - - [25/Oct/2024:18:39:24 +0900] "GET /main.fa7cf30a911fbcd2f8b0.hot-update.js HTTP/1.1" 200 3823 "http://localhost/" "Mozilla/5.0 (Windows NT 10.0; Win64; x64) AppleWebKit/537.36 (KHTML, like Gecko) Chrome/130.0.0.0 Safari/537.36"
127.0.0.1 - - [25/Oct/2024:18:39:24 +0900] "GET /main.fa7cf30a911fbcd2f8b0.hot-update.js.map HTTP/1.1" 200 2915 "-" "Mozilla/5.0 (Windows NT 10.0; Win64; x64) AppleWebKit/537.36 (KHTML, like Gecko) Chrome/130.0.0.0 Safari/537.36"
192.168.219.126 - - [25/Oct/2024:18:39:29 +0900] "GET / HTTP/1.1" 304 0 "-" "Mozilla/5.0 (Macintosh; Intel Mac OS X 10_15_7) AppleWebKit/537.36 (KHTML, like Gecko) Chrome/129.0.0.0 Safari/537.36"
192.168.219.126 - - [25/Oct/2024:18:39:29 +0900] "GET /static/js/bundle.js HTTP/1.1" 200 395067 "http://192.168.219.161/" "Mozilla/5.0 (Macintosh; Intel Mac OS X 10_15_7) AppleWebKit/537.36 (KHTML, like Gecko) Chrome/129.0.0.0 Safari/537.36"
192.168.219.126 - - [25/Oct/2024:18:39:29 +0900] "GET /static/js/bundle.js.map HTTP/1.1" 200 397864 "-" "Mozilla/5.0 (Macintosh; Intel Mac OS X 10_15_7) AppleWebKit/537.36 (KHTML, like Gecko) Chrome/129.0.0.0 Safari/537.36"
192.168.219.126 - - [25/Oct/2024:18:39:30 +0900] "GET /favicon.ico HTTP/1.1" 304 0 "http://192.168.219.161/" "Mozilla/5.0 (Macintosh; Intel Mac OS X 10_15_7) AppleWebKit/537.36 (KHTML, like Gecko) Chrome/129.0.0.0 Safari/537.36"
192.168.219.161 - - [25/Oct/2024:18:40:31 +0900] "GET /main.27dc4cabe5473147eba7.hot-update.json HTTP/1.1" 200 28 "http://192.168.219.161/" "Mozilla/5.0 (Windows NT 10.0; Win64; x64) AppleWebKit/537.36 (KHTML, like Gecko) Chrome/130.0.0.0 Safari/537.36"
192.168.219.126 - - [25/Oct/2024:18:40:31 +0900] "GET /main.27dc4cabe5473147eba7.hot-update.json HTTP/1.1" 200 28 "http://192.168.219.161/" "Mozilla/5.0 (Macintosh; Intel Mac OS X 10_15_7) AppleWebKit/537.36 (KHTML, like Gecko) Chrome/129.0.0.0 Safari/537.36"
192.168.219.161 - - [25/Oct/2024:18:40:31 +0900] "GET /main.27dc4cabe5473147eba7.hot-update.js HTTP/1.1" 200 2873 "http://192.168.219.161/" "Mozilla/5.0 (Windows NT 10.0; Win64; x64) AppleWebKit/537.36 (KHTML, like Gecko) Chrome/130.0.0.0 Safari/537.36"
192.168.219.126 - - [25/Oct/2024:18:40:31 +0900] "GET /main.27dc4cabe5473147eba7.hot-update.js HTTP/1.1" 200 2873 "http://192.168.219.161/" "Mozilla/5.0 (Macintosh; Intel Mac OS X 10_15_7) AppleWebKit/537.36 (KHTML, like Gecko) Chrome/129.0.0.0 Safari/537.36"
192.168.219.126 - - [25/Oct/2024:18:40:31 +0900] "GET /main.27dc4cabe5473147eba7.hot-update.js.map HTTP/1.1" 200 1972 "-" "Mozilla/5.0 (Macintosh; Intel Mac OS X 10_15_7) AppleWebKit/537.36 (KHTML, like Gecko) Chrome/129.0.0.0 Safari/537.36"
127.0.0.1 - - [25/Oct/2024:18:40:32 +0900] "GET /main.27dc4cabe5473147eba7.hot-update.json HTTP/1.1" 200 28 "http://localhost/" "Mozilla/5.0 (Windows NT 10.0; Win64; x64) AppleWebKit/537.36 (KHTML, like Gecko) Chrome/130.0.0.0 Safari/537.36"
127.0.0.1 - - [25/Oct/2024:18:40:32 +0900] "GET /main.27dc4cabe5473147eba7.hot-update.js HTTP/1.1" 200 2873 "http://localhost/" "Mozilla/5.0 (Windows NT 10.0; Win64; x64) AppleWebKit/537.36 (KHTML, like Gecko) Chrome/130.0.0.0 Safari/537.36"
127.0.0.1 - - [25/Oct/2024:18:40:32 +0900] "GET /main.27dc4cabe5473147eba7.hot-update.js.map HTTP/1.1" 200 1972 "-" "Mozilla/5.0 (Windows NT 10.0; Win64; x64) AppleWebKit/537.36 (KHTML, like Gecko) Chrome/130.0.0.0 Safari/537.36"
127.0.0.1 - - [25/Oct/2024:18:40:33 +0900] "GET /main.1cd181a9973fe48f99c5.hot-update.json HTTP/1.1" 200 28 "http://localhost/" "Mozilla/5.0 (Windows NT 10.0; Win64; x64) AppleWebKit/537.36 (KHTML, like Gecko) Chrome/130.0.0.0 Safari/537.36"
192.168.219.161 - - [25/Oct/2024:18:40:33 +0900] "GET /main.1cd181a9973fe48f99c5.hot-update.json HTTP/1.1" 200 28 "http://192.168.219.161/" "Mozilla/5.0 (Windows NT 10.0; Win64; x64) AppleWebKit/537.36 (KHTML, like Gecko) Chrome/130.0.0.0 Safari/537.36"
127.0.0.1 - - [25/Oct/2024:18:40:33 +0900] "GET /main.1cd181a9973fe48f99c5.hot-update.js HTTP/1.1" 200 2873 "http://localhost/" "Mozilla/5.0 (Windows NT 10.0; Win64; x64) AppleWebKit/537.36 (KHTML, like Gecko) Chrome/130.0.0.0 Safari/537.36"
192.168.219.161 - - [25/Oct/2024:18:40:33 +0900] "GET /main.1cd181a9973fe48f99c5.hot-update.js HTTP/1.1" 200 2873 "http://192.168.219.161/" "Mozilla/5.0 (Windows NT 10.0; Win64; x64) AppleWebKit/537.36 (KHTML, like Gecko) Chrome/130.0.0.0 Safari/537.36"
192.168.219.126 - - [25/Oct/2024:18:40:33 +0900] "GET /main.1cd181a9973fe48f99c5.hot-update.json HTTP/1.1" 200 28 "http://192.168.219.161/" "Mozilla/5.0 (Macintosh; Intel Mac OS X 10_15_7) AppleWebKit/537.36 (KHTML, like Gecko) Chrome/129.0.0.0 Safari/537.36"
127.0.0.1 - - [25/Oct/2024:18:40:33 +0900] "GET /main.1cd181a9973fe48f99c5.hot-update.js.map HTTP/1.1" 200 1973 "-" "Mozilla/5.0 (Windows NT 10.0; Win64; x64) AppleWebKit/537.36 (KHTML, like Gecko) Chrome/130.0.0.0 Safari/537.36"
192.168.219.126 - - [25/Oct/2024:18:40:33 +0900] "GET /main.1cd181a9973fe48f99c5.hot-update.js HTTP/1.1" 200 2873 "http://192.168.219.161/" "Mozilla/5.0 (Macintosh; Intel Mac OS X 10_15_7) AppleWebKit/537.36 (KHTML, like Gecko) Chrome/129.0.0.0 Safari/537.36"
192.168.219.126 - - [25/Oct/2024:18:40:33 +0900] "GET /main.1cd181a9973fe48f99c5.hot-update.js.map HTTP/1.1" 200 1973 "-" "Mozilla/5.0 (Macintosh; Intel Mac OS X 10_15_7) AppleWebKit/537.36 (KHTML, like Gecko) Chrome/129.0.0.0 Safari/537.36"
192.168.219.161 - - [25/Oct/2024:19:26:09 +0900] "GET / HTTP/1.1" 304 0 "-" "Mozilla/5.0 (Windows NT 10.0; Win64; x64) AppleWebKit/537.36 (KHTML, like Gecko) Chrome/130.0.0.0 Safari/537.36"
192.168.219.161 - - [25/Oct/2024:19:26:09 +0900] "GET /static/js/bundle.js HTTP/1.1" 200 394392 "http://192.168.219.161/" "Mozilla/5.0 (Windows NT 10.0; Win64; x64) AppleWebKit/537.36 (KHTML, like Gecko) Chrome/130.0.0.0 Safari/537.36"
192.168.219.161 - - [25/Oct/2024:19:26:11 +0900] "GET /static/js/bundle.js.map HTTP/1.1" 200 397140 "-" "Mozilla/5.0 (Windows NT 10.0; Win64; x64) AppleWebKit/537.36 (KHTML, like Gecko) Chrome/130.0.0.0 Safari/537.36"
192.168.219.161 - - [25/Oct/2024:19:27:55 +0900] "GET / HTTP/1.1" 304 0 "-" "Mozilla/5.0 (Windows NT 10.0; Win64; x64) AppleWebKit/537.36 (KHTML, like Gecko) Chrome/130.0.0.0 Safari/537.36"
192.168.219.161 - - [25/Oct/2024:19:27:55 +0900] "GET /static/js/bundle.js HTTP/1.1" 304 0 "http://192.168.219.161/" "Mozilla/5.0 (Windows NT 10.0; Win64; x64) AppleWebKit/537.36 (KHTML, like Gecko) Chrome/130.0.0.0 Safari/537.36"
192.168.219.161 - - [25/Oct/2024:19:27:55 +0900] "GET /favicon.ico HTTP/1.1" 200 3662 "http://192.168.219.161/" "Mozilla/5.0 (Windows NT 10.0; Win64; x64) AppleWebKit/537.36 (KHTML, like Gecko) Chrome/130.0.0.0 Safari/537.36"
192.168.219.161 - - [25/Oct/2024:19:28:00 +0900] "GET /static/js/bundle.js.map HTTP/1.1" 304 0 "-" "Mozilla/5.0 (Windows NT 10.0; Win64; x64) AppleWebKit/537.36 (KHTML, like Gecko) Chrome/130.0.0.0 Safari/537.36"
192.168.219.161 - - [25/Oct/2024:19:46:43 +0900] "GET / HTTP/1.1" 304 0 "-" "Mozilla/5.0 (Windows NT 10.0; Win64; x64) AppleWebKit/537.36 (KHTML, like Gecko) Chrome/130.0.0.0 Safari/537.36"
192.168.219.161 - - [25/Oct/2024:19:46:43 +0900] "GET /static/js/bundle.js HTTP/1.1" 304 0 "http://192.168.219.161/" "Mozilla/5.0 (Windows NT 10.0; Win64; x64) AppleWebKit/537.36 (KHTML, like Gecko) Chrome/130.0.0.0 Safari/537.36"
192.168.219.161 - - [25/Oct/2024:19:46:43 +0900] "GET /static/js/bundle.js.map HTTP/1.1" 304 0 "-" "Mozilla/5.0 (Windows NT 10.0; Win64; x64) AppleWebKit/537.36 (KHTML, like Gecko) Chrome/130.0.0.0 Safari/537.36"
192.168.219.161 - - [25/Oct/2024:19:46:43 +0900] "GET /favicon.ico HTTP/1.1" 304 0 "http://192.168.219.161/" "Mozilla/5.0 (Windows NT 10.0; Win64; x64) AppleWebKit/537.36 (KHTML, like Gecko) Chrome/130.0.0.0 Safari/537.36"
192.168.219.161 - - [25/Oct/2024:19:49:04 +0900] "GET / HTTP/1.1" 304 0 "-" "Mozilla/5.0 (Windows NT 10.0; Win64; x64) AppleWebKit/537.36 (KHTML, like Gecko) Chrome/130.0.0.0 Safari/537.36"
192.168.219.161 - - [25/Oct/2024:19:49:04 +0900] "GET /static/js/bundle.js HTTP/1.1" 304 0 "http://192.168.219.161/" "Mozilla/5.0 (Windows NT 10.0; Win64; x64) AppleWebKit/537.36 (KHTML, like Gecko) Chrome/130.0.0.0 Safari/537.36"
192.168.219.161 - - [25/Oct/2024:19:49:04 +0900] "GET /static/js/bundle.js.map HTTP/1.1" 304 0 "-" "Mozilla/5.0 (Windows NT 10.0; Win64; x64) AppleWebKit/537.36 (KHTML, like Gecko) Chrome/130.0.0.0 Safari/537.36"
192.168.219.161 - - [25/Oct/2024:19:49:04 +0900] "GET /favicon.ico HTTP/1.1" 304 0 "http://192.168.219.161/" "Mozilla/5.0 (Windows NT 10.0; Win64; x64) AppleWebKit/537.36 (KHTML, like Gecko) Chrome/130.0.0.0 Safari/537.36"
192.168.219.161 - - [25/Oct/2024:19:49:05 +0900] "GET / HTTP/1.1" 304 0 "-" "Mozilla/5.0 (Windows NT 10.0; Win64; x64) AppleWebKit/537.36 (KHTML, like Gecko) Chrome/130.0.0.0 Safari/537.36"
192.168.219.161 - - [25/Oct/2024:19:49:05 +0900] "GET /static/js/bundle.js HTTP/1.1" 304 0 "http://192.168.219.161/" "Mozilla/5.0 (Windows NT 10.0; Win64; x64) AppleWebKit/537.36 (KHTML, like Gecko) Chrome/130.0.0.0 Safari/537.36"
192.168.219.161 - - [25/Oct/2024:19:49:05 +0900] "GET /static/js/bundle.js.map HTTP/1.1" 304 0 "-" "Mozilla/5.0 (Windows NT 10.0; Win64; x64) AppleWebKit/537.36 (KHTML, like Gecko) Chrome/130.0.0.0 Safari/537.36"
192.168.219.161 - - [25/Oct/2024:19:49:05 +0900] "GET /favicon.ico HTTP/1.1" 304 0 "http://192.168.219.161/" "Mozilla/5.0 (Windows NT 10.0; Win64; x64) AppleWebKit/537.36 (KHTML, like Gecko) Chrome/130.0.0.0 Safari/537.36"
192.168.219.161 - - [25/Oct/2024:19:49:05 +0900] "GET / HTTP/1.1" 304 0 "-" "Mozilla/5.0 (Windows NT 10.0; Win64; x64) AppleWebKit/537.36 (KHTML, like Gecko) Chrome/130.0.0.0 Safari/537.36"
192.168.219.161 - - [25/Oct/2024:19:49:05 +0900] "GET /static/js/bundle.js HTTP/1.1" 304 0 "http://192.168.219.161/" "Mozilla/5.0 (Windows NT 10.0; Win64; x64) AppleWebKit/537.36 (KHTML, like Gecko) Chrome/130.0.0.0 Safari/537.36"
192.168.219.161 - - [25/Oct/2024:19:49:05 +0900] "GET /static/js/bundle.js.map HTTP/1.1" 304 0 "-" "Mozilla/5.0 (Windows NT 10.0; Win64; x64) AppleWebKit/537.36 (KHTML, like Gecko) Chrome/130.0.0.0 Safari/537.36"
192.168.219.161 - - [25/Oct/2024:19:49:05 +0900] "GET /favicon.ico HTTP/1.1" 304 0 "http://192.168.219.161/" "Mozilla/5.0 (Windows NT 10.0; Win64; x64) AppleWebKit/537.36 (KHTML, like Gecko) Chrome/130.0.0.0 Safari/537.36"
192.168.219.161 - - [25/Oct/2024:19:49:05 +0900] "GET / HTTP/1.1" 304 0 "-" "Mozilla/5.0 (Windows NT 10.0; Win64; x64) AppleWebKit/537.36 (KHTML, like Gecko) Chrome/130.0.0.0 Safari/537.36"
192.168.219.161 - - [25/Oct/2024:19:49:05 +0900] "GET /static/js/bundle.js HTTP/1.1" 304 0 "http://192.168.219.161/" "Mozilla/5.0 (Windows NT 10.0; Win64; x64) AppleWebKit/537.36 (KHTML, like Gecko) Chrome/130.0.0.0 Safari/537.36"
192.168.219.161 - - [25/Oct/2024:19:49:05 +0900] "GET /static/js/bundle.js.map HTTP/1.1" 304 0 "-" "Mozilla/5.0 (Windows NT 10.0; Win64; x64) AppleWebKit/537.36 (KHTML, like Gecko) Chrome/130.0.0.0 Safari/537.36"
192.168.219.161 - - [25/Oct/2024:19:49:05 +0900] "GET /favicon.ico HTTP/1.1" 304 0 "http://192.168.219.161/" "Mozilla/5.0 (Windows NT 10.0; Win64; x64) AppleWebKit/537.36 (KHTML, like Gecko) Chrome/130.0.0.0 Safari/537.36"
192.168.219.161 - - [25/Oct/2024:19:49:05 +0900] "GET / HTTP/1.1" 304 0 "-" "Mozilla/5.0 (Windows NT 10.0; Win64; x64) AppleWebKit/537.36 (KHTML, like Gecko) Chrome/130.0.0.0 Safari/537.36"
192.168.219.161 - - [25/Oct/2024:19:49:06 +0900] "GET /static/js/bundle.js HTTP/1.1" 304 0 "http://192.168.219.161/" "Mozilla/5.0 (Windows NT 10.0; Win64; x64) AppleWebKit/537.36 (KHTML, like Gecko) Chrome/130.0.0.0 Safari/537.36"
192.168.219.161 - - [25/Oct/2024:19:49:06 +0900] "GET /static/js/bundle.js.map HTTP/1.1" 304 0 "-" "Mozilla/5.0 (Windows NT 10.0; Win64; x64) AppleWebKit/537.36 (KHTML, like Gecko) Chrome/130.0.0.0 Safari/537.36"
192.168.219.161 - - [25/Oct/2024:19:49:06 +0900] "GET /favicon.ico HTTP/1.1" 304 0 "http://192.168.219.161/" "Mozilla/5.0 (Windows NT 10.0; Win64; x64) AppleWebKit/537.36 (KHTML, like Gecko) Chrome/130.0.0.0 Safari/537.36"
192.168.219.161 - - [25/Oct/2024:19:49:38 +0900] "GET / HTTP/1.1" 304 0 "-" "Mozilla/5.0 (Windows NT 10.0; Win64; x64) AppleWebKit/537.36 (KHTML, like Gecko) Chrome/130.0.0.0 Safari/537.36"
192.168.219.161 - - [25/Oct/2024:19:49:38 +0900] "GET /static/js/bundle.js HTTP/1.1" 304 0 "http://192.168.219.161/" "Mozilla/5.0 (Windows NT 10.0; Win64; x64) AppleWebKit/537.36 (KHTML, like Gecko) Chrome/130.0.0.0 Safari/537.36"
192.168.219.161 - - [25/Oct/2024:19:49:38 +0900] "GET /static/js/bundle.js.map HTTP/1.1" 304 0 "-" "Mozilla/5.0 (Windows NT 10.0; Win64; x64) AppleWebKit/537.36 (KHTML, like Gecko) Chrome/130.0.0.0 Safari/537.36"
192.168.219.161 - - [25/Oct/2024:19:49:38 +0900] "GET /favicon.ico HTTP/1.1" 304 0 "http://192.168.219.161/" "Mozilla/5.0 (Windows NT 10.0; Win64; x64) AppleWebKit/537.36 (KHTML, like Gecko) Chrome/130.0.0.0 Safari/537.36"
192.168.219.161 - - [25/Oct/2024:19:50:02 +0900] "GET / HTTP/1.1" 404 555 "-" "Mozilla/5.0 (Windows NT 10.0; Win64; x64) AppleWebKit/537.36 (KHTML, like Gecko) Chrome/130.0.0.0 Safari/537.36"
127.0.0.1 - - [25/Oct/2024:19:52:11 +0900] "GET / HTTP/1.1" 304 0 "-" "Mozilla/5.0 (Windows NT 10.0; Win64; x64) AppleWebKit/537.36 (KHTML, like Gecko) Chrome/130.0.0.0 Safari/537.36"
127.0.0.1 - - [25/Oct/2024:19:52:11 +0900] "GET /static/js/bundle.js HTTP/1.1" 200 394394 "http://localhost/" "Mozilla/5.0 (Windows NT 10.0; Win64; x64) AppleWebKit/537.36 (KHTML, like Gecko) Chrome/130.0.0.0 Safari/537.36"
192.168.219.161 - - [25/Oct/2024:19:52:12 +0900] "GET / HTTP/1.1" 200 954 "-" "Mozilla/5.0 (Windows NT 10.0; Win64; x64) AppleWebKit/537.36 (KHTML, like Gecko) Chrome/130.0.0.0 Safari/537.36"
192.168.219.161 - - [25/Oct/2024:19:52:12 +0900] "GET /static/js/bundle.js HTTP/1.1" 200 394394 "http://192.168.219.161/" "Mozilla/5.0 (Windows NT 10.0; Win64; x64) AppleWebKit/537.36 (KHTML, like Gecko) Chrome/130.0.0.0 Safari/537.36"
127.0.0.1 - - [25/Oct/2024:19:53:09 +0900] "POST /api/ask HTTP/1.1" 502 497 "http://127.0.0.1:3000/" "Mozilla/5.0 (Windows NT 10.0; Win64; x64) AppleWebKit/537.36 (KHTML, like Gecko) Chrome/130.0.0.0 Safari/537.36"
127.0.0.1 - - [25/Oct/2024:19:53:21 +0900] "POST /api/ask HTTP/1.1" 502 497 "http://127.0.0.1:3000/" "Mozilla/5.0 (Windows NT 10.0; Win64; x64) AppleWebKit/537.36 (KHTML, like Gecko) Chrome/130.0.0.0 Safari/537.36"
192.168.219.161 - - [25/Oct/2024:19:53:32 +0900] "GET / HTTP/1.1" 304 0 "-" "Mozilla/5.0 (Windows NT 10.0; Win64; x64) AppleWebKit/537.36 (KHTML, like Gecko) Chrome/130.0.0.0 Safari/537.36"
192.168.219.161 - - [25/Oct/2024:19:53:32 +0900] "GET /static/js/bundle.js HTTP/1.1" 304 0 "http://192.168.219.161/" "Mozilla/5.0 (Windows NT 10.0; Win64; x64) AppleWebKit/537.36 (KHTML, like Gecko) Chrome/130.0.0.0 Safari/537.36"
127.0.0.1 - - [25/Oct/2024:19:53:34 +0900] "POST /api/ask HTTP/1.1" 502 497 "http://127.0.0.1:3000/" "Mozilla/5.0 (Windows NT 10.0; Win64; x64) AppleWebKit/537.36 (KHTML, like Gecko) Chrome/130.0.0.0 Safari/537.36"
127.0.0.1 - - [25/Oct/2024:19:53:39 +0900] "POST /api/ask HTTP/1.1" 502 497 "http://127.0.0.1:3000/" "Mozilla/5.0 (Windows NT 10.0; Win64; x64) AppleWebKit/537.36 (KHTML, like Gecko) Chrome/130.0.0.0 Safari/537.36"
192.168.219.161 - - [25/Oct/2024:19:58:07 +0900] "GET /static/js/bundle.js.map HTTP/1.1" 200 397143 "-" "Mozilla/5.0 (Windows NT 10.0; Win64; x64) AppleWebKit/537.36 (KHTML, like Gecko) Chrome/130.0.0.0 Safari/537.36"
192.168.219.161 - - [25/Oct/2024:19:59:17 +0900] "GET / HTTP/1.1" 304 0 "-" "Mozilla/5.0 (Windows NT 10.0; Win64; x64) AppleWebKit/537.36 (KHTML, like Gecko) Chrome/130.0.0.0 Safari/537.36"
192.168.219.161 - - [25/Oct/2024:19:59:17 +0900] "GET /static/js/bundle.js HTTP/1.1" 304 0 "http://192.168.219.161/" "Mozilla/5.0 (Windows NT 10.0; Win64; x64) AppleWebKit/537.36 (KHTML, like Gecko) Chrome/130.0.0.0 Safari/537.36"
192.168.219.161 - - [25/Oct/2024:19:59:17 +0900] "GET /static/js/bundle.js.map HTTP/1.1" 304 0 "-" "Mozilla/5.0 (Windows NT 10.0; Win64; x64) AppleWebKit/537.36 (KHTML, like Gecko) Chrome/130.0.0.0 Safari/537.36"
192.168.219.161 - - [25/Oct/2024:19:59:17 +0900] "GET /favicon.ico HTTP/1.1" 304 0 "http://192.168.219.161/" "Mozilla/5.0 (Windows NT 10.0; Win64; x64) AppleWebKit/537.36 (KHTML, like Gecko) Chrome/130.0.0.0 Safari/537.36"
192.168.219.161 - - [25/Oct/2024:19:59:23 +0900] "GET / HTTP/1.1" 304 0 "-" "Mozilla/5.0 (Windows NT 10.0; Win64; x64) AppleWebKit/537.36 (KHTML, like Gecko) Chrome/130.0.0.0 Safari/537.36"
192.168.219.161 - - [25/Oct/2024:19:59:23 +0900] "GET /static/js/bundle.js HTTP/1.1" 304 0 "http://192.168.219.161/" "Mozilla/5.0 (Windows NT 10.0; Win64; x64) AppleWebKit/537.36 (KHTML, like Gecko) Chrome/130.0.0.0 Safari/537.36"
192.168.219.161 - - [25/Oct/2024:19:59:23 +0900] "GET /static/js/bundle.js.map HTTP/1.1" 304 0 "-" "Mozilla/5.0 (Windows NT 10.0; Win64; x64) AppleWebKit/537.36 (KHTML, like Gecko) Chrome/130.0.0.0 Safari/537.36"
192.168.219.161 - - [25/Oct/2024:19:59:23 +0900] "GET /favicon.ico HTTP/1.1" 304 0 "http://192.168.219.161/" "Mozilla/5.0 (Windows NT 10.0; Win64; x64) AppleWebKit/537.36 (KHTML, like Gecko) Chrome/130.0.0.0 Safari/537.36"
192.168.219.161 - - [25/Oct/2024:19:59:23 +0900] "GET / HTTP/1.1" 304 0 "-" "Mozilla/5.0 (Windows NT 10.0; Win64; x64) AppleWebKit/537.36 (KHTML, like Gecko) Chrome/130.0.0.0 Safari/537.36"
192.168.219.161 - - [25/Oct/2024:19:59:23 +0900] "GET /static/js/bundle.js HTTP/1.1" 304 0 "http://192.168.219.161/" "Mozilla/5.0 (Windows NT 10.0; Win64; x64) AppleWebKit/537.36 (KHTML, like Gecko) Chrome/130.0.0.0 Safari/537.36"
192.168.219.161 - - [25/Oct/2024:19:59:23 +0900] "GET /static/js/bundle.js.map HTTP/1.1" 304 0 "-" "Mozilla/5.0 (Windows NT 10.0; Win64; x64) AppleWebKit/537.36 (KHTML, like Gecko) Chrome/130.0.0.0 Safari/537.36"
192.168.219.161 - - [25/Oct/2024:19:59:23 +0900] "GET /favicon.ico HTTP/1.1" 304 0 "http://192.168.219.161/" "Mozilla/5.0 (Windows NT 10.0; Win64; x64) AppleWebKit/537.36 (KHTML, like Gecko) Chrome/130.0.0.0 Safari/537.36"
192.168.219.161 - - [25/Oct/2024:19:59:24 +0900] "GET / HTTP/1.1" 304 0 "-" "Mozilla/5.0 (Windows NT 10.0; Win64; x64) AppleWebKit/537.36 (KHTML, like Gecko) Chrome/130.0.0.0 Safari/537.36"
192.168.219.161 - - [25/Oct/2024:19:59:24 +0900] "GET /static/js/bundle.js HTTP/1.1" 304 0 "http://192.168.219.161/" "Mozilla/5.0 (Windows NT 10.0; Win64; x64) AppleWebKit/537.36 (KHTML, like Gecko) Chrome/130.0.0.0 Safari/537.36"
192.168.219.161 - - [25/Oct/2024:19:59:24 +0900] "GET /static/js/bundle.js.map HTTP/1.1" 304 0 "-" "Mozilla/5.0 (Windows NT 10.0; Win64; x64) AppleWebKit/537.36 (KHTML, like Gecko) Chrome/130.0.0.0 Safari/537.36"
192.168.219.161 - - [25/Oct/2024:19:59:24 +0900] "GET /favicon.ico HTTP/1.1" 304 0 "http://192.168.219.161/" "Mozilla/5.0 (Windows NT 10.0; Win64; x64) AppleWebKit/537.36 (KHTML, like Gecko) Chrome/130.0.0.0 Safari/537.36"
127.0.0.1 - - [25/Oct/2024:20:00:30 +0900] "POST /api/ask HTTP/1.1" 502 497 "http://localhost:3000/" "Mozilla/5.0 (Windows NT 10.0; Win64; x64) AppleWebKit/537.36 (KHTML, like Gecko) Chrome/130.0.0.0 Safari/537.36"
127.0.0.1 - - [25/Oct/2024:20:01:04 +0900] "POST /api/ask HTTP/1.1" 502 497 "http://localhost:3000/" "Mozilla/5.0 (Windows NT 10.0; Win64; x64) AppleWebKit/537.36 (KHTML, like Gecko) Chrome/130.0.0.0 Safari/537.36"
127.0.0.1 - - [25/Oct/2024:20:01:11 +0900] "POST /api/ask HTTP/1.1" 502 497 "http://localhost:3000/" "Mozilla/5.0 (Windows NT 10.0; Win64; x64) AppleWebKit/537.36 (KHTML, like Gecko) Chrome/130.0.0.0 Safari/537.36"
127.0.0.1 - - [25/Oct/2024:20:01:17 +0900] "POST /api/ask HTTP/1.1" 502 497 "http://localhost:3000/" "Mozilla/5.0 (Windows NT 10.0; Win64; x64) AppleWebKit/537.36 (KHTML, like Gecko) Chrome/130.0.0.0 Safari/537.36"
127.0.0.1 - - [25/Oct/2024:20:01:18 +0900] "POST /api/ask HTTP/1.1" 502 497 "http://localhost:3000/" "Mozilla/5.0 (Windows NT 10.0; Win64; x64) AppleWebKit/537.36 (KHTML, like Gecko) Chrome/130.0.0.0 Safari/537.36"
127.0.0.1 - - [25/Oct/2024:20:01:19 +0900] "POST /api/ask HTTP/1.1" 502 497 "http://localhost:3000/" "Mozilla/5.0 (Windows NT 10.0; Win64; x64) AppleWebKit/537.36 (KHTML, like Gecko) Chrome/130.0.0.0 Safari/537.36"
127.0.0.1 - - [25/Oct/2024:20:01:20 +0900] "POST /api/ask HTTP/1.1" 502 497 "http://localhost:3000/" "Mozilla/5.0 (Windows NT 10.0; Win64; x64) AppleWebKit/537.36 (KHTML, like Gecko) Chrome/130.0.0.0 Safari/537.36"
127.0.0.1 - - [25/Oct/2024:20:01:24 +0900] "POST /api/ask HTTP/1.1" 502 497 "http://localhost:3000/" "Mozilla/5.0 (Windows NT 10.0; Win64; x64) AppleWebKit/537.36 (KHTML, like Gecko) Chrome/130.0.0.0 Safari/537.36"
127.0.0.1 - - [25/Oct/2024:20:01:32 +0900] "POST /api/ask HTTP/1.1" 502 497 "http://localhost:3000/" "Mozilla/5.0 (Windows NT 10.0; Win64; x64) AppleWebKit/537.36 (KHTML, like Gecko) Chrome/130.0.0.0 Safari/537.36"
127.0.0.1 - - [25/Oct/2024:20:03:18 +0900] "POST /api/ask HTTP/1.1" 502 497 "http://localhost:3000/" "Mozilla/5.0 (Windows NT 10.0; Win64; x64) AppleWebKit/537.36 (KHTML, like Gecko) Chrome/130.0.0.0 Safari/537.36"
127.0.0.1 - - [25/Oct/2024:20:03:21 +0900] "POST /api/ask HTTP/1.1" 502 497 "http://localhost:3000/" "Mozilla/5.0 (Windows NT 10.0; Win64; x64) AppleWebKit/537.36 (KHTML, like Gecko) Chrome/130.0.0.0 Safari/537.36"
127.0.0.1 - - [25/Oct/2024:20:04:07 +0900] "POST /api/ask HTTP/1.1" 502 497 "http://127.0.0.1:3000/" "Mozilla/5.0 (Windows NT 10.0; Win64; x64) AppleWebKit/537.36 (KHTML, like Gecko) Chrome/130.0.0.0 Safari/537.36"
127.0.0.1 - - [25/Oct/2024:20:05:46 +0900] "POST /api/ask HTTP/1.1" 502 497 "http://127.0.0.1:3000/" "Mozilla/5.0 (Windows NT 10.0; Win64; x64) AppleWebKit/537.36 (KHTML, like Gecko) Chrome/130.0.0.0 Safari/537.36"
127.0.0.1 - - [25/Oct/2024:20:05:49 +0900] "POST /api/ask HTTP/1.1" 502 497 "http://127.0.0.1:3000/" "Mozilla/5.0 (Windows NT 10.0; Win64; x64) AppleWebKit/537.36 (KHTML, like Gecko) Chrome/130.0.0.0 Safari/537.36"
127.0.0.1 - - [25/Oct/2024:20:06:55 +0900] "POST /api/ask HTTP/1.1" 502 497 "http://127.0.0.1:3000/" "Mozilla/5.0 (Windows NT 10.0; Win64; x64) AppleWebKit/537.36 (KHTML, like Gecko) Chrome/130.0.0.0 Safari/537.36"
127.0.0.1 - - [25/Oct/2024:20:07:35 +0900] "POST /api/ask HTTP/1.1" 502 497 "http://127.0.0.1:3000/" "Mozilla/5.0 (Windows NT 10.0; Win64; x64) AppleWebKit/537.36 (KHTML, like Gecko) Chrome/130.0.0.0 Safari/537.36"
127.0.0.1 - - [25/Oct/2024:20:07:38 +0900] "POST /api/ask HTTP/1.1" 502 497 "http://127.0.0.1:3000/" "Mozilla/5.0 (Windows NT 10.0; Win64; x64) AppleWebKit/537.36 (KHTML, like Gecko) Chrome/130.0.0.0 Safari/537.36"
127.0.0.1 - - [25/Oct/2024:20:07:57 +0900] "POST /api/ask HTTP/1.1" 502 497 "http://127.0.0.1:3000/" "Mozilla/5.0 (Windows NT 10.0; Win64; x64) AppleWebKit/537.36 (KHTML, like Gecko) Chrome/130.0.0.0 Safari/537.36"
127.0.0.1 - - [25/Oct/2024:20:08:08 +0900] "POST /api/ask HTTP/1.1" 502 497 "http://127.0.0.1:3000/" "Mozilla/5.0 (Windows NT 10.0; Win64; x64) AppleWebKit/537.36 (KHTML, like Gecko) Chrome/130.0.0.0 Safari/537.36"
127.0.0.1 - - [25/Oct/2024:20:08:40 +0900] "POST /api/ask HTTP/1.1" 502 497 "http://127.0.0.1:3000/" "Mozilla/5.0 (Windows NT 10.0; Win64; x64) AppleWebKit/537.36 (KHTML, like Gecko) Chrome/130.0.0.0 Safari/537.36"
127.0.0.1 - - [25/Oct/2024:20:09:21 +0900] "POST /api/ask HTTP/1.1" 502 497 "http://127.0.0.1:3000/" "Mozilla/5.0 (Windows NT 10.0; Win64; x64) AppleWebKit/537.36 (KHTML, like Gecko) Chrome/130.0.0.0 Safari/537.36"
127.0.0.1 - - [25/Oct/2024:20:11:49 +0900] "POST /api/ask HTTP/1.1" 502 497 "http://127.0.0.1:3000/" "Mozilla/5.0 (Windows NT 10.0; Win64; x64) AppleWebKit/537.36 (KHTML, like Gecko) Chrome/130.0.0.0 Safari/537.36"
127.0.0.1 - - [25/Oct/2024:20:16:59 +0900] "POST /api/ask HTTP/1.1" 413 585 "http://127.0.0.1:3000/" "Mozilla/5.0 (Windows NT 10.0; Win64; x64) AppleWebKit/537.36 (KHTML, like Gecko) Chrome/130.0.0.0 Safari/537.36"
127.0.0.1 - - [25/Oct/2024:20:17:29 +0900] "POST /api/ask HTTP/1.1" 502 497 "http://127.0.0.1:3000/" "Mozilla/5.0 (Windows NT 10.0; Win64; x64) AppleWebKit/537.36 (KHTML, like Gecko) Chrome/130.0.0.0 Safari/537.36"
127.0.0.1 - - [25/Oct/2024:20:17:33 +0900] "POST /api/ask HTTP/1.1" 502 497 "http://127.0.0.1:3000/" "Mozilla/5.0 (Windows NT 10.0; Win64; x64) AppleWebKit/537.36 (KHTML, like Gecko) Chrome/130.0.0.0 Safari/537.36"
127.0.0.1 - - [25/Oct/2024:20:17:34 +0900] "POST /api/ask HTTP/1.1" 502 497 "http://127.0.0.1:3000/" "Mozilla/5.0 (Windows NT 10.0; Win64; x64) AppleWebKit/537.36 (KHTML, like Gecko) Chrome/130.0.0.0 Safari/537.36"
127.0.0.1 - - [25/Oct/2024:20:17:36 +0900] "POST /api/ask HTTP/1.1" 502 497 "http://127.0.0.1:3000/" "Mozilla/5.0 (Windows NT 10.0; Win64; x64) AppleWebKit/537.36 (KHTML, like Gecko) Chrome/130.0.0.0 Safari/537.36"
127.0.0.1 - - [25/Oct/2024:20:18:01 +0900] "POST /api/ask HTTP/1.1" 502 497 "http://127.0.0.1:3000/" "Mozilla/5.0 (Windows NT 10.0; Win64; x64) AppleWebKit/537.36 (KHTML, like Gecko) Chrome/130.0.0.0 Safari/537.36"
127.0.0.1 - - [25/Oct/2024:20:20:36 +0900] "POST /api/ask HTTP/1.1" 502 497 "http://127.0.0.1:3000/" "Mozilla/5.0 (Windows NT 10.0; Win64; x64) AppleWebKit/537.36 (KHTML, like Gecko) Chrome/130.0.0.0 Safari/537.36"
127.0.0.1 - - [25/Oct/2024:20:23:22 +0900] "POST /api/ask HTTP/1.1" 502 497 "http://127.0.0.1:3000/" "Mozilla/5.0 (Windows NT 10.0; Win64; x64) AppleWebKit/537.36 (KHTML, like Gecko) Chrome/130.0.0.0 Safari/537.36"
127.0.0.1 - - [25/Oct/2024:20:23:40 +0900] "POST /api/ask HTTP/1.1" 502 497 "http://127.0.0.1:3000/" "Mozilla/5.0 (Windows NT 10.0; Win64; x64) AppleWebKit/537.36 (KHTML, like Gecko) Chrome/130.0.0.0 Safari/537.36"
127.0.0.1 - - [25/Oct/2024:20:27:01 +0900] "POST /api/ask HTTP/1.1" 502 497 "http://127.0.0.1:3000/" "Mozilla/5.0 (Windows NT 10.0; Win64; x64) AppleWebKit/537.36 (KHTML, like Gecko) Chrome/130.0.0.0 Safari/537.36"
127.0.0.1 - - [25/Oct/2024:20:27:49 +0900] "POST /api/ask HTTP/1.1" 502 497 "http://127.0.0.1:3000/" "Mozilla/5.0 (Windows NT 10.0; Win64; x64) AppleWebKit/537.36 (KHTML, like Gecko) Chrome/130.0.0.0 Safari/537.36"
127.0.0.1 - - [25/Oct/2024:20:29:20 +0900] "POST /api/ask HTTP/1.1" 502 497 "http://127.0.0.1:3000/" "Mozilla/5.0 (Windows NT 10.0; Win64; x64) AppleWebKit/537.36 (KHTML, like Gecko) Chrome/130.0.0.0 Safari/537.36"
127.0.0.1 - - [25/Oct/2024:20:31:09 +0900] "POST /api/ask HTTP/1.1" 502 497 "http://127.0.0.1:3000/" "Mozilla/5.0 (Windows NT 10.0; Win64; x64) AppleWebKit/537.36 (KHTML, like Gecko) Chrome/130.0.0.0 Safari/537.36"
127.0.0.1 - - [25/Oct/2024:20:34:25 +0900] "POST /api/ask HTTP/1.1" 404 22 "http://127.0.0.1:3000/" "Mozilla/5.0 (Windows NT 10.0; Win64; x64) AppleWebKit/537.36 (KHTML, like Gecko) Chrome/130.0.0.0 Safari/537.36"
127.0.0.1 - - [25/Oct/2024:20:34:30 +0900] "POST /api/ask HTTP/1.1" 404 22 "http://127.0.0.1:3000/" "Mozilla/5.0 (Windows NT 10.0; Win64; x64) AppleWebKit/537.36 (KHTML, like Gecko) Chrome/130.0.0.0 Safari/537.36"
192.168.219.161 - - [25/Oct/2024:20:42:15 +0900] "GET / HTTP/1.1" 200 954 "-" "Mozilla/5.0 (Windows NT 10.0; Win64; x64) AppleWebKit/537.36 (KHTML, like Gecko) Chrome/130.0.0.0 Safari/537.36"
192.168.219.161 - - [25/Oct/2024:20:42:15 +0900] "GET /static/js/bundle.js HTTP/1.1" 200 394409 "http://192.168.219.161/" "Mozilla/5.0 (Windows NT 10.0; Win64; x64) AppleWebKit/537.36 (KHTML, like Gecko) Chrome/130.0.0.0 Safari/537.36"
127.0.0.1 - - [28/Oct/2024:13:37:29 +0900] "GET / HTTP/1.1" 200 954 "-" "Mozilla/5.0 (Windows NT 10.0; Win64; x64) AppleWebKit/537.36 (KHTML, like Gecko) Chrome/130.0.0.0 Safari/537.36"
127.0.0.1 - - [28/Oct/2024:13:37:29 +0900] "GET /static/js/bundle.js HTTP/1.1" 200 393898 "http://localhost/" "Mozilla/5.0 (Windows NT 10.0; Win64; x64) AppleWebKit/537.36 (KHTML, like Gecko) Chrome/130.0.0.0 Safari/537.36"
192.168.219.126 - - [28/Oct/2024:16:12:15 +0900] "GET / HTTP/1.1" 304 0 "-" "Mozilla/5.0 (Macintosh; Intel Mac OS X 10_15_7) AppleWebKit/537.36 (KHTML, like Gecko) Chrome/129.0.0.0 Safari/537.36"
192.168.219.126 - - [28/Oct/2024:16:12:15 +0900] "GET /static/js/bundle.js HTTP/1.1" 200 394212 "http://192.168.219.161/" "Mozilla/5.0 (Macintosh; Intel Mac OS X 10_15_7) AppleWebKit/537.36 (KHTML, like Gecko) Chrome/129.0.0.0 Safari/537.36"
192.168.219.126 - - [28/Oct/2024:16:12:32 +0900] "GET / HTTP/1.1" 304 0 "-" "Mozilla/5.0 (Macintosh; Intel Mac OS X 10_15_7) AppleWebKit/537.36 (KHTML, like Gecko) Chrome/129.0.0.0 Safari/537.36"
192.168.219.126 - - [28/Oct/2024:16:12:32 +0900] "GET /static/js/bundle.js HTTP/1.1" 304 0 "http://192.168.219.161/" "Mozilla/5.0 (Macintosh; Intel Mac OS X 10_15_7) AppleWebKit/537.36 (KHTML, like Gecko) Chrome/129.0.0.0 Safari/537.36"
192.168.219.126 - - [28/Oct/2024:16:12:32 +0900] "GET /favicon.ico HTTP/1.1" 304 0 "http://192.168.219.161/" "Mozilla/5.0 (Macintosh; Intel Mac OS X 10_15_7) AppleWebKit/537.36 (KHTML, like Gecko) Chrome/129.0.0.0 Safari/537.36"
192.168.219.126 - - [28/Oct/2024:16:12:43 +0900] "GET /static/js/bundle.js.map HTTP/1.1" 200 396990 "-" "Mozilla/5.0 (Macintosh; Intel Mac OS X 10_15_7) AppleWebKit/537.36 (KHTML, like Gecko) Chrome/129.0.0.0 Safari/537.36"
192.168.219.126 - - [28/Oct/2024:16:12:51 +0900] "GET /main.2db07a4b107083ab6e69.hot-update.json HTTP/1.1" 200 954 "http://192.168.219.161/" "Mozilla/5.0 (Macintosh; Intel Mac OS X 10_15_7) AppleWebKit/537.36 (KHTML, like Gecko) Chrome/129.0.0.0 Safari/537.36"
192.168.219.129 - - [28/Oct/2024:18:04:07 +0900] "GET / HTTP/1.1" 200 954 "-" "Mozilla/5.0 (iPhone; CPU iPhone OS 16_1 like Mac OS X) AppleWebKit/605.1.15 (KHTML, like Gecko) CriOS/130.0.6723.78 Mobile/15E148 Safari/604.1"
192.168.219.129 - - [28/Oct/2024:18:04:07 +0900] "GET /static/js/bundle.js HTTP/1.1" 200 393853 "http://192.168.219.161/" "Mozilla/5.0 (iPhone; CPU iPhone OS 16_1 like Mac OS X) AppleWebKit/605.1.15 (KHTML, like Gecko) CriOS/130.0.6723.78 Mobile/15E148 Safari/604.1"
192.168.219.129 - - [28/Oct/2024:18:04:07 +0900] "GET /favicon.ico HTTP/1.1" 200 3662 "-" "Mozilla/5.0 (iPhone; CPU iPhone OS 16_1 like Mac OS X) AppleWebKit/605.1.15 (KHTML, like Gecko) CriOS/130.0.6723.78 Mobile/15E148 Safari/604.1"
192.168.219.129 - - [28/Oct/2024:18:04:20 +0900] "GET / HTTP/1.1" 304 0 "http://192.168.219.161:8000/docs" "Mozilla/5.0 (iPhone; CPU iPhone OS 16_1 like Mac OS X) AppleWebKit/605.1.15 (KHTML, like Gecko) CriOS/130.0.6723.78 Mobile/15E148 Safari/604.1"
192.168.219.129 - - [28/Oct/2024:18:04:20 +0900] "GET /static/js/bundle.js HTTP/1.1" 304 0 "http://192.168.219.161/" "Mozilla/5.0 (iPhone; CPU iPhone OS 16_1 like Mac OS X) AppleWebKit/605.1.15 (KHTML, like Gecko) CriOS/130.0.6723.78 Mobile/15E148 Safari/604.1"
192.168.219.129 - - [28/Oct/2024:18:04:22 +0900] "GET / HTTP/1.1" 400 255 "-" "Mozilla/5.0 (iPhone; CPU iPhone OS 16_1 like Mac OS X) AppleWebKit/605.1.15 (KHTML, like Gecko) CriOS/130.0.6723.78 Mobile/15E148 Safari/604.1"
192.168.219.129 - - [28/Oct/2024:18:04:22 +0900] "GET /favicon.ico HTTP/1.1" 400 255 "-" "Mozilla/5.0 (iPhone; CPU iPhone OS 16_1 like Mac OS X) AppleWebKit/605.1.15 (KHTML, like Gecko) CriOS/130.0.6723.78 Mobile/15E148 Safari/604.1"
192.168.219.129 - - [28/Oct/2024:18:18:06 +0900] "GET / HTTP/1.1" 400 255 "-" "Mozilla/5.0 (iPhone; CPU iPhone OS 16_1 like Mac OS X) AppleWebKit/605.1.15 (KHTML, like Gecko) CriOS/130.0.6723.78 Mobile/15E148 Safari/604.1"
192.168.219.129 - - [28/Oct/2024:18:18:06 +0900] "GET /favicon.ico HTTP/1.1" 400 255 "-" "Mozilla/5.0 (iPhone; CPU iPhone OS 16_1 like Mac OS X) AppleWebKit/605.1.15 (KHTML, like Gecko) CriOS/130.0.6723.78 Mobile/15E148 Safari/604.1"
192.168.219.129 - - [28/Oct/2024:18:18:31 +0900] "GET / HTTP/1.1" 502 497 "-" "Mozilla/5.0 (iPhone; CPU iPhone OS 16_1 like Mac OS X) AppleWebKit/605.1.15 (KHTML, like Gecko) CriOS/130.0.6723.78 Mobile/15E148 Safari/604.1"
192.168.219.129 - - [28/Oct/2024:18:22:05 +0900] "\x16\x03\x01\x02\x00\x01\x00\x01\xFC\x03\x03H\x80]\xAD}\xA7;\x7F\xF9\xFA6\xC8yX<\xB9\x0BV\xC5e\xFA\xE0\xFC\xDD\xEE\x05\x88S\x9DO\x11Q \xD7\x86\xD0\x22\xD5\xCFY{P\xDF\xC8l\x16A`\x87\x95V\x1E\xC61\xFC\xB1\xC1\xD4x\xAF\x7F\x931\xFF \x00*\xDA\xDA\x13\x01\x13\x02\x13\x03\xC0,\xC0+\xCC\xA9\xC00\xC0/\xCC\xA8\xC0" 400 157 "-" "-"
